// Jest Snapshot v1, https://goo.gl/fbAQLP

exports[`Renders correctly 1`] = `
<View
  style={
    Object {
      "backgroundColor": "white",
      "borderRadius": 2,
      "elevation": 2,
      "flexDirection": "row",
      "marginBottom": 5,
      "padding": 10,
    }
  }
>
  <View
    style={
      Object {
        "flex": 15,
        "paddingLeft": 2,
      }
    }
  >
    <Text
      style={
        Object {
          "backgroundColor": "transparent",
          "color": "#5B6267",
          "fontFamily": "System",
          "fontSize": 17,
          "fontWeight": "400",
          "letterSpacing": -0.408,
          "lineHeight": 22,
          "marginBottom": 10,
        }
      }
    >
      Lorem ipsum dolor sit amet, consectetur adipiscing elit. Aliquam dictum ante vitae tortor vulputate, at posuere ante lacinia.
    </Text>
    <Text
      style={
        Object {
          "backgroundColor": "transparent",
          "color": "#c3c6c7",
          "fontFamily": "System",
          "fontSize": 15,
          "fontWeight": "400",
          "letterSpacing": -0.24,
          "lineHeight": 20,
        }
      }
    >
      3 min. ago, 1:45 PM
    </Text>
  </View>
  <View
    style={
      Object {
        "alignItems": "flex-end",
        "flex": 1,
        "justifyContent": "center",
      }
    }
  >
    <Text
      allowFontScaling={false}
      style={
        Array [
          Object {
            "color": undefined,
            "fontSize": 12,
          },
          Array [
            Object {
              "color": "#000",
              "fontSize": 30,
            },
            Object {
              "color": "#000",
              "fontSize": 30,
            },
            Object {
              "color": "#c3c6c7",
            },
          ],
          Object {
            "fontFamily": "Ionicons",
            "fontStyle": "normal",
            "fontWeight": "normal",
          },
          Object {},
        ]
      }
    >
      Ôèë
    </Text>
  </View>
</View>
`;
