// Jest Snapshot v1, https://goo.gl/fbAQLP

exports[`Renders correctly 1`] = `
<View
  style={
    Object {
      "alignItems": "center",
      "backgroundColor": "#00b175",
      "borderRadius": 30,
      "bottom": 10,
      "elevation": 10,
      "height": 60,
      "justifyContent": "center",
      "position": "absolute",
      "right": 10,
      "width": 60,
    }
  }
>
  <Text
    allowFontScaling={false}
    style={
      Array [
        Object {
          "color": undefined,
          "fontSize": 12,
        },
        Array [
          Object {
            "color": "#000",
            "fontSize": 30,
          },
          Object {
            "color": "#000",
            "fontSize": 30,
          },
          Object {
            "color": "#F5F3F5",
            "fontSize": 30,
          },
        ],
        Object {
          "fontFamily": "Ionicons",
          "fontStyle": "normal",
          "fontWeight": "normal",
        },
        Object {},
      ]
    }
  >
    ï‰³
  </Text>
</View>
`;
