// Jest Snapshot v1, https://goo.gl/fbAQLP

exports[`CardHashtags component Renders correctly 1`] = `
<View
  style={
    Array [
      Object {
        "backgroundColor": "#fff",
        "borderBottomWidth": 0.5,
        "borderColor": "#ccc",
        "borderLeftWidth": 0.5,
        "borderRadius": 2,
        "borderRightWidth": 0.5,
        "borderTopWidth": 0.5,
        "elevation": 3,
        "flexWrap": "nowrap",
        "marginBottom": 5,
        "marginLeft": 2,
        "marginRight": 2,
        "marginTop": 5,
        "shadowColor": "#000",
        "shadowOffset": Object {
          "height": 2,
          "width": 0,
        },
        "shadowOpacity": 0.1,
        "shadowRadius": 1.5,
      },
      Object {
        "elevation": 2,
      },
    ]
  }
>
  <View
    style={
      Object {
        "alignItems": "center",
        "backgroundColor": "#fff",
        "borderRadius": 2,
        "flexDirection": "row",
        "paddingBottom": 10,
        "paddingLeft": 15,
        "paddingRight": 15,
        "paddingTop": 10,
      }
    }
  >
    <Text
      style={
        Array [
          Object {
            "color": "#000",
            "fontFamily": "System",
            "fontSize": 16,
          },
          Object {
            "color": "#5B6267",
          },
        ]
      }
      uppercase={false}
    >
      Hashtags
    </Text>
  </View>
  <View
    style={
      Object {
        "alignItems": "center",
        "backgroundColor": "#fff",
        "borderRadius": 2,
        "flexDirection": "row",
        "paddingBottom": 10,
        "paddingLeft": 15,
        "paddingRight": 15,
        "paddingTop": 10,
      }
    }
  >
    <View
      style={
        Object {
          "flex": 1,
          "flexDirection": "row",
        }
      }
    >
      <View
        style={
          Object {
            "alignItems": "center",
            "backgroundColor": "#c3c6c7",
            "borderRadius": 25,
            "height": 50,
            "justifyContent": "center",
            "width": 50,
          }
        }
      >
        <Text
          style={
            Object {
              "color": "#FFFFFF",
              "fontSize": 35,
            }
          }
        >
          #
        </Text>
      </View>
      <View
        style={
          Object {
            "flex": 1,
            "flexDirection": "row",
            "justifyContent": "space-between",
            "paddingLeft": 15,
          }
        }
      >
        <View>
          <Text
            style={
              Object {
                "color": "#5B6267",
                "fontSize": 20,
              }
            }
          >
            #Business
          </Text>
          <Text
            style={
              Object {
                "color": "#c3c6c7",
                "fontSize": 16,
              }
            }
          >
            26 transations
          </Text>
        </View>
        <View>
          <Text
            style={
              Object {
                "color": "#5B6267",
                "fontSize": 18,
                "fontWeight": "bold",
              }
            }
          >
            -1 804.90 USD
          </Text>
        </View>
      </View>
    </View>
  </View>
  <View
    style={
      Object {
        "alignItems": "center",
        "backgroundColor": "#fff",
        "borderRadius": 2,
        "flexDirection": "row",
        "paddingBottom": 10,
        "paddingLeft": 15,
        "paddingRight": 15,
        "paddingTop": 10,
      }
    }
  >
    <View
      style={
        Object {
          "flex": 1,
          "flexDirection": "row",
        }
      }
    >
      <View
        style={
          Object {
            "alignItems": "center",
            "backgroundColor": "#c3c6c7",
            "borderRadius": 25,
            "height": 50,
            "justifyContent": "center",
            "width": 50,
          }
        }
      >
        <Text
          style={
            Object {
              "color": "#FFFFFF",
              "fontSize": 35,
            }
          }
        >
          #
        </Text>
      </View>
      <View
        style={
          Object {
            "flex": 1,
            "flexDirection": "row",
            "justifyContent": "space-between",
            "paddingLeft": 15,
          }
        }
      >
        <View>
          <Text
            style={
              Object {
                "color": "#5B6267",
                "fontSize": 20,
              }
            }
          >
            #Lunch
          </Text>
          <Text
            style={
              Object {
                "color": "#c3c6c7",
                "fontSize": 16,
              }
            }
          >
            17 transactions
          </Text>
        </View>
        <View>
          <Text
            style={
              Object {
                "color": "#5B6267",
                "fontSize": 18,
                "fontWeight": "bold",
              }
            }
          >
            -694.20 USD
          </Text>
        </View>
      </View>
    </View>
  </View>
  <View
    style={
      Object {
        "alignItems": "center",
        "backgroundColor": "#fff",
        "borderRadius": 2,
        "flexDirection": "row",
        "paddingBottom": 10,
        "paddingLeft": 15,
        "paddingRight": 15,
        "paddingTop": 10,
      }
    }
  >
    <View
      style={
        Object {
          "flex": 1,
          "flexDirection": "row",
        }
      }
    >
      <View
        style={
          Object {
            "alignItems": "center",
            "backgroundColor": "#c3c6c7",
            "borderRadius": 25,
            "height": 50,
            "justifyContent": "center",
            "width": 50,
          }
        }
      >
        <Text
          style={
            Object {
              "color": "#FFFFFF",
              "fontSize": 35,
            }
          }
        >
          #
        </Text>
      </View>
      <View
        style={
          Object {
            "flex": 1,
            "flexDirection": "row",
            "justifyContent": "space-between",
            "paddingLeft": 15,
          }
        }
      >
        <View>
          <Text
            style={
              Object {
                "color": "#5B6267",
                "fontSize": 20,
              }
            }
          >
            #Personal
          </Text>
          <Text
            style={
              Object {
                "color": "#c3c6c7",
                "fontSize": 16,
              }
            }
          >
            1 transactions
          </Text>
        </View>
        <View>
          <Text
            style={
              Object {
                "color": "#5B6267",
                "fontSize": 18,
                "fontWeight": "bold",
              }
            }
          >
            -555.40 USD
          </Text>
        </View>
      </View>
    </View>
  </View>
  <View
    style={
      Object {
        "alignItems": "center",
        "backgroundColor": "#fff",
        "borderRadius": 2,
        "flexDirection": "row",
        "paddingBottom": 10,
        "paddingLeft": 15,
        "paddingRight": 15,
        "paddingTop": 10,
      }
    }
  >
    <View
      style={
        Object {
          "flex": 1,
          "flexDirection": "row",
        }
      }
    >
      <View
        style={
          Object {
            "alignItems": "center",
            "backgroundColor": "#c3c6c7",
            "borderRadius": 25,
            "height": 50,
            "justifyContent": "center",
            "width": 50,
          }
        }
      >
        <Text
          style={
            Object {
              "color": "#FFFFFF",
              "fontSize": 35,
            }
          }
        >
          #
        </Text>
      </View>
      <View
        style={
          Object {
            "flex": 1,
            "flexDirection": "row",
            "justifyContent": "space-between",
            "paddingLeft": 15,
          }
        }
      >
        <View>
          <Text
            style={
              Object {
                "color": "#5B6267",
                "fontSize": 20,
              }
            }
          >
            #Entertainment
          </Text>
          <Text
            style={
              Object {
                "color": "#c3c6c7",
                "fontSize": 16,
              }
            }
          >
            5 transations
          </Text>
        </View>
        <View>
          <Text
            style={
              Object {
                "color": "#5B6267",
                "fontSize": 18,
                "fontWeight": "bold",
              }
            }
          >
            -462.80 USD
          </Text>
        </View>
      </View>
    </View>
  </View>
  <View
    style={
      Object {
        "alignItems": "center",
        "backgroundColor": "#fff",
        "borderRadius": 2,
        "flexDirection": "row",
        "paddingBottom": 10,
        "paddingLeft": 15,
        "paddingRight": 15,
        "paddingTop": 10,
      }
    }
  >
    <View
      style={
        Object {
          "alignItems": "center",
          "flex": 1,
        }
      }
    >
      <Text
        style={
          Array [
            Object {
              "color": "#000",
              "fontFamily": "System",
              "fontSize": 16,
            },
            Object {
              "color": "#5B6267",
              "textDecorationLine": "underline",
            },
          ]
        }
        uppercase={false}
      >
        All hashtags (12)
      </Text>
    </View>
  </View>
</View>
`;
