// Jest Snapshot v1, https://goo.gl/fbAQLP

exports[`CategoryItem component Renders correctly 1`] = `
<View
  style={
    Object {
      "flex": 1,
      "flexDirection": "row",
    }
  }
>
  <View
    style={
      Object {
        "alignItems": "center",
        "backgroundColor": "#c3c6c7",
        "borderRadius": 25,
        "height": 50,
        "justifyContent": "center",
        "width": 50,
      }
    }
  >
    <Text
      style={
        Object {
          "backgroundColor": "transparent",
          "color": "#FFFFFF",
          "fontFamily": "System",
          "fontSize": 28,
          "fontWeight": "400",
          "letterSpacing": 0.355469,
          "lineHeight": 34,
        }
      }
    />
  </View>
  <View
    style={
      Object {
        "flex": 1,
        "flexDirection": "row",
        "justifyContent": "space-between",
        "paddingLeft": 15,
      }
    }
  >
    <View>
      <Text
        style={
          Object {
            "backgroundColor": "transparent",
            "color": "#5B6267",
            "fontFamily": "System",
            "fontSize": 17,
            "fontWeight": "400",
            "letterSpacing": -0.408,
            "lineHeight": 22,
          }
        }
      />
      <Text
        style={
          Object {
            "backgroundColor": "transparent",
            "color": "#c3c6c7",
            "fontFamily": "System",
            "fontSize": 15,
            "fontWeight": "400",
            "letterSpacing": -0.24,
            "lineHeight": 20,
          }
        }
      />
    </View>
    <View>
      <Text
        style={
          Object {
            "backgroundColor": "transparent",
            "color": "#4B5358",
            "fontFamily": "System",
            "fontSize": 17,
            "fontWeight": "600",
            "letterSpacing": -0.408,
            "lineHeight": 22,
          }
        }
      />
    </View>
  </View>
</View>
`;
